// Jest Snapshot v1, https://goo.gl/fbAQLP

exports[`Pruebas en <GifItem /> Debe hacer match con el snapshot 1`] = `
<div>
  <div
    class="card"
  >
    <img
      alt="Título de mi imagen"
      src="https://url-de-mi-imagen.com/mi-imagen.jpg"
    />
    <p>
      Título de mi imagen
    </p>
  </div>
</div>
`;
